// Jest Snapshot v1, https://goo.gl/fbAQLP

exports[`renderer snapshot 1`] = `
<RCTSafeAreaView
  emulateUnlessSupported={true}
  style={
    Object {
      "flex": 1,
    }
  }
>
  <Modal
    animationType="fade"
    hardwareAccelerated={false}
    onRequestClose={[Function]}
    propagateSwipe={true}
    scrollOffset={1}
    scrollTo={[Function]}
    style={
      Object {
        "backgroundColor": "rgba(0,0,0,0.7)",
        "padding": 40,
      }
    }
    transparent={true}
    visible={false}
  >
    <RCTScrollView
      contentContainerStyle={
        Object {
          "flexGrow": 1,
        }
      }
    >
      <View>
        <View
          style={
            Object {
              "backgroundColor": "rgba(0,0,0,0.7)",
              "padding": 40,
            }
          }
        >
          <Text
            onPress={[Function]}
            style={
              Object {
                "alignSelf": "flex-end",
                "borderColor": "#fff",
                "color": "#fff",
                "fontSize": 15,
                "fontWeight": "bold",
              }
            }
          >
            Close
          </Text>
          <Image
            source={
              Object {
                "uri": null,
              }
            }
            style={
              Object {
                "alignSelf": "stretch",
                "height": 800,
                "width": null,
              }
            }
          />
        </View>
        <View
          style={
            Object {
              "alignItems": "center",
              "flex": 0.1,
              "flexDirection": "column",
              "justifyContent": "center",
            }
          }
        >
          <View
            style={
              Object {
                "flexDirection": "row",
                "marginLeft": 9,
                "marginTop": -60,
                "minHeight": 40,
              }
            }
          >
            <TextInput
              onChangeText={[Function]}
              placeholder="Comment here ..."
              style={
                Object {
                  "backgroundColor": "#fff",
                  "borderColor": "#fff",
                  "borderWidth": 1,
                  "marginHorizontal": 0,
                  "padding": 10,
                  "width": "70%",
                }
              }
              value=""
            />
            <View
              accessibilityRole="button"
              accessible={true}
              collapsable={false}
              focusable={true}
              onClick={[Function]}
              onResponderGrant={[Function]}
              onResponderMove={[Function]}
              onResponderRelease={[Function]}
              onResponderTerminate={[Function]}
              onResponderTerminationRequest={[Function]}
              onStartShouldSetResponder={[Function]}
              style={
                Object {
                  "opacity": 1,
                }
              }
            >
              <View
                style={
                  Array [
                    Object {},
                  ]
                }
              >
                <Text
                  style={
                    Array [
                      Object {
                        "color": "#007AFF",
                        "fontSize": 18,
                        "margin": 8,
                        "textAlign": "center",
                      },
                    ]
                  }
                >
                  Post
                </Text>
              </View>
            </View>
          </View>
        </View>
      </View>
    </RCTScrollView>
  </Modal>
  <View>
    <RCTScrollView
      contentContainerStyle={
        Object {
          "flexDirection": "row",
          "flexWrap": "wrap",
        }
      }
      style={
        Object {
          "backgroundColor": "#eee",
        }
      }
    >
      <View />
    </RCTScrollView>
  </View>
</RCTSafeAreaView>
`;
